08:12:34.641 INFO  .../cpp/hoot/js/PluginContext.cpp(  69) Loading system include: /home/matt/dg/src/hoot/rules/lib/HootLib.js
08:12:34.641 INFO  .../cpp/hoot/js/PluginContext.cpp( 127) filename: /home/matt/dg/src/hoot/rules/lib/HootLib.js
08:12:34.641 INFO  .../cpp/hoot/js/PluginContext.cpp( 127) filename: test-files/cmd/slow/tSimple.js
08:12:34.641 INFO  ...cpp/hoot/js/util/RequireJs.cpp( 143) Loading script: /home/matt/dg/src/hoot/plugins/script/example/__init__.js
Initialize works!
test-files/cmd/slow/tSimple.js:2096: Uncaught ReferenceError: translate is not defined
08:12:34.642 WARN  ...ot/js/JavaScriptTranslator.cpp( 404) Error initializing JavaScript: A 'translateToOsm' function must be defined.
08:12:34.642 INFO  ...t/core/io/PythonTranslator.cpp(  66) Initializing Python
08:12:34.642 INFO  ...t/core/io/PythonTranslator.cpp(  96) Python path: translations:PYTHONPATH:/home/matt/dg/src/hoot/translations
08:12:34.732 INFO  .../cpp/hoot/js/PluginContext.cpp(  69) Loading system include: /home/matt/dg/src/hoot/rules/lib/HootLib.js
08:12:34.732 INFO  .../cpp/hoot/js/PluginContext.cpp( 127) filename: /home/matt/dg/src/hoot/rules/lib/HootLib.js
08:12:34.732 INFO  .../cpp/hoot/js/PluginContext.cpp( 127) filename: plugins/script/BadSyntaxTest/__init__.js
08:12:34.733 WARN  ...ot/js/JavaScriptTranslator.cpp( 404) Error initializing JavaScript: plugins/script/BadSyntaxTest/__init__.js (4) 
foo is bad.
    ^^
08:12:34.733 INFO  ...t/core/io/PythonTranslator.cpp(  66) Initializing Python
08:12:34.733 INFO  ...t/core/io/PythonTranslator.cpp(  96) Python path: translations:PYTHONPATH:/home/matt/dg/src/hoot/translations
08:12:34.822 INFO  .../cpp/hoot/js/PluginContext.cpp(  69) Loading system include: /home/matt/dg/src/hoot/rules/lib/HootLib.js
08:12:34.822 INFO  .../cpp/hoot/js/PluginContext.cpp( 127) filename: /home/matt/dg/src/hoot/rules/lib/HootLib.js
08:12:34.822 INFO  .../cpp/hoot/js/PluginContext.cpp( 127) filename: test-files/cmd/slow/BadRequire.js
08:12:34.822 INFO  ...cpp/hoot/js/util/RequireJs.cpp( 143) Loading script: /home/matt/dg/src/hoot/plugins/script/BadSyntaxTest/__init__.js
08:12:34.823 WARN  ...ot/js/JavaScriptTranslator.cpp( 404) Error initializing JavaScript: /home/matt/dg/src/hoot/plugins/script/BadSyntaxTest/__init__.js (4) 
foo is bad.
    ^^
08:12:34.823 INFO  ...t/core/io/PythonTranslator.cpp(  66) Initializing Python
08:12:34.823 INFO  ...t/core/io/PythonTranslator.cpp(  96) Python path: translations:PYTHONPATH:/home/matt/dg/src/hoot/translations
