Error running conflate:
Unknown geometry type: Relation = restriction
