15:38:53.519 INFO  ...t/core/io/ServicesDbWriter.cpp( 177) Removing map with ID: 10
15:38:53.534 INFO  ...t/core/io/ServicesDbWriter.cpp( 179) Finished removing map with ID: 10
15:38:54.763 INFO  ...t/core/io/ServicesDbWriter.cpp( 177) Removing map with ID: 8
15:38:54.779 INFO  ...t/core/io/ServicesDbWriter.cpp( 179) Finished removing map with ID: 8
5
5
