13:21:19.209 INFO  ...pp/hoot/core/cmd/ConflateCmd.h( 114) bytesRead: 109436
13:21:19.456 INFO  ...pp/hoot/core/cmd/ConflateCmd.h( 127) inputBytes: 1.46621e+06
13:21:19.456 INFO  .../cpp/hoot/core/ops/NamedOp.cpp(  56) Applying operation: hoot::BuildingOutlineRemoveOp
13:21:19.456 INFO  .../cpp/hoot/core/ops/NamedOp.cpp(  56) Applying operation: hoot::MapCleaner
13:21:19.457 INFO  .../cpp/hoot/core/ops/NamedOp.cpp(  56) Applying operation: hoot::ReprojectToPlanarOp
Reprojecting 0 / 6326
Reprojecting 1000 / 6326
Reprojecting 2000 / 6326
Reprojecting 3000 / 6326
Reprojecting 4000 / 6326
Reprojecting 5000 / 6326
Reprojecting 6000 / 6326
13:21:19.563 INFO  .../cpp/hoot/core/ops/NamedOp.cpp(  56) Applying operation: hoot::DuplicateWayRemover
13:21:19.563 INFO  ...nflate/DuplicateWayRemover.cpp(  61) Removing duplicate ways...
13:21:19.903 INFO  .../cpp/hoot/core/ops/NamedOp.cpp(  56) Applying operation: hoot::SuperfluousWayRemover
13:21:19.903 INFO  ...late/SuperfluousWayRemover.cpp(  59) Removing superfluous ways...
13:21:19.904 INFO  .../cpp/hoot/core/ops/NamedOp.cpp(  56) Applying operation: hoot::IntersectionSplitter
13:21:19.904 INFO  ...itter/IntersectionSplitter.cpp( 109) Splitting intersections...
  Intersection splitter todo: 0
13:21:20.073 INFO  .../cpp/hoot/core/ops/NamedOp.cpp(  56) Applying operation: hoot::UnlikelyIntersectionRemover
13:21:20.146 INFO  .../cpp/hoot/core/ops/NamedOp.cpp(  56) Applying operation: hoot::DualWaySplitter
13:21:20.146 INFO  ...e/splitter/DualWaySplitter.cpp(  83) Assuming drives on right.
13:21:20.147 INFO  ...e/splitter/DualWaySplitter.cpp( 246) Splitting divided ways...

13:21:20.164 INFO  .../cpp/hoot/core/ops/NamedOp.cpp(  56) Applying operation: hoot::ImpliedDividedMarker
13:21:20.200 INFO  .../cpp/hoot/core/ops/NamedOp.cpp(  56) Applying operation: hoot::DuplicateNameRemover
13:21:20.215 INFO  .../cpp/hoot/core/ops/NamedOp.cpp(  56) Applying operation: hoot::SmallWayMerger
13:21:20.271 INFO  .../cpp/hoot/core/ops/NamedOp.cpp(  74) Applying visitor: hoot::RemoveEmptyAreasVisitor
13:21:20.306 INFO  .../cpp/hoot/core/ops/NamedOp.cpp(  74) Applying visitor: hoot::RemoveDuplicateAreaVisitor
13:21:20.360 INFO  .../cpp/hoot/core/ops/NamedOp.cpp(  56) Applying operation: hoot::NoInformationElementRemover
13:21:20.443 INFO  ...lygon/BuildingMatchCreator.cpp( 203) *threshold: Thresholds; Match: 0.6 Miss: 0.6 Review: 0.6
13:21:20.443 INFO  ...lygon/BuildingMatchCreator.cpp( 222) Loading model from: /home/vagrant/hoot-fast/conf/BuildingModel.rf
13:21:21.061 INFO  ...ighway/HighwayRfClassifier.cpp( 285) Loading highway model from: /home/vagrant/hoot-fast/conf/HighwayModel.rf
13:21:23.143 INFO  ...ighway/HighwayRfClassifier.cpp( 305) factorLabels: [4]{EdgeDistanceRmseAggregator, EdgeDistanceSigma_Aggregator, hoot__AngleHistogramExtractor, hoot__WeightedMetricDistanceExtractor_way_agg__MeanAggregator_point_agg__RmseAggregator}
13:21:23.143 INFO  ...ighway/HighwayRfClassifier.cpp( 324) extractorNames: [4]{EdgeDistanceRmseAggregator, EdgeDistanceSigma_Aggregator, hoot__AngleHistogramExtractor, hoot__WeightedMetricDistanceExtractor_way_agg__MeanAggregator_point_agg__RmseAggregator}
13:21:23.144 INFO  ...ighway/HighwayRfClassifier.cpp( 325) missingExtractors: [0]{}
13:21:23.144 INFO  ...ighway/HighwayRfClassifier.cpp( 326) _rfFactorLabels: [4]{EdgeDistanceRmseAggregator, EdgeDistanceSigma_Aggregator, hoot__AngleHistogramExtractor, hoot__WeightedMetricDistanceExtractor_way_agg__MeanAggregator_point_agg__RmseAggregator}
13:21:35.745 INFO  ...ighway/HighwayMatchCreator.cpp(  87) neighbor counts, max: 5 mean: 1.32878
13:21:35.752 INFO  ...conflate/UnifyingConflator.cpp( 165) Pre-constraining match count: 1071
13:21:35.772 INFO  .../OptimalConstrainedMatches.cpp(  55) Calculating match conflicts
13:21:38.871 INFO  .../OptimalConstrainedMatches.cpp(  57) Done calculating match conflicts
13:21:38.905 INFO  ...conflate/UnifyingConflator.cpp( 188) CM took: 3.1322s.
13:21:38.905 INFO  ...conflate/UnifyingConflator.cpp( 189) CM Score: 69363.1
13:21:38.905 INFO  ...h/GreedyConstrainedMatches.cpp(  68) Calculating match conflicts
13:21:38.913 INFO  ...h/GreedyConstrainedMatches.cpp(  70) Done calculating match conflicts
13:21:38.916 INFO  ...conflate/UnifyingConflator.cpp( 197) GM took: 0.0114369s.
13:21:38.916 INFO  ...conflate/UnifyingConflator.cpp( 198) GM Score: 69363.1
13:21:38.917 INFO  ...conflate/UnifyingConflator.cpp( 221) Post constraining match count: 750
13:21:41.611 INFO  .../cpp/hoot/core/ops/NamedOp.cpp(  56) Applying operation: hoot::SuperfluousNodeRemover
13:21:41.611 INFO  ...ops/SuperfluousNodeRemover.cpp(  53) Removing superfluous nodes...
Reprojecting 0 / 3658
Reprojecting 1000 / 3658
Reprojecting 2000 / 3658
Reprojecting 3000 / 3658
13:21:41.641 INFO  .../cpp/hoot/core/ops/NamedOp.cpp(  56) Applying operation: hoot::SmallWayMerger
13:21:41.664 INFO  .../cpp/hoot/core/ops/NamedOp.cpp(  74) Applying visitor: hoot::RemoveMissingElementsVisitor
13:21:41.672 INFO  .../cpp/hoot/core/ops/NamedOp.cpp(  56) Applying operation: hoot::RemoveDuplicateReviewsOp
13:21:41.673 INFO  .../cpp/hoot/core/ops/NamedOp.cpp(  56) Applying operation: hoot::BuildingOutlineUpdateOp
13:21:41.673 INFO  .../cpp/hoot/core/ops/NamedOp.cpp(  56) Applying operation: hoot::AddHilbertReviewSortOrderOp
Reprojecting 0 / 3163
Reprojecting 1000 / 3163
Reprojecting 2000 / 3163
Reprojecting 3000 / 3163
