16:15:57.433 INFO  ...pp/hoot/core/cmd/ConflateCmd.h( 123) bytesRead: 521493
16:15:57.441 INFO  ...pp/hoot/core/cmd/ConflateCmd.h( 136) inputBytes: 36522
16:15:57.441 INFO  .../cpp/hoot/core/ops/NamedOp.cpp(  56) Applying operation: hoot::BuildingOutlineRemoveOp
16:15:57.442 INFO  .../cpp/hoot/core/ops/NamedOp.cpp(  56) Applying operation: hoot::MapCleaner
16:15:57.442 INFO  .../cpp/hoot/core/ops/NamedOp.cpp(  56) Applying operation: hoot::ReprojectToPlanarOp
Reprojecting 0 / 233         
16:15:57.480 INFO  .../cpp/hoot/core/ops/NamedOp.cpp(  56) Applying operation: hoot::DuplicateWayRemover
16:15:57.480 INFO  ...nflate/DuplicateWayRemover.cpp(  61) Removing duplicate ways...
16:15:59.530 INFO  .../cpp/hoot/core/ops/NamedOp.cpp(  56) Applying operation: hoot::SuperfluousWayRemover
16:15:59.530 INFO  ...late/SuperfluousWayRemover.cpp(  59) Removing superfluous ways...
16:15:59.531 INFO  .../cpp/hoot/core/ops/NamedOp.cpp(  56) Applying operation: hoot::IntersectionSplitter
16:15:59.531 INFO  ...itter/IntersectionSplitter.cpp( 109) Splitting intersections...
  Intersection splitter todo: 0         Intersection splitter todo: 0       
16:15:59.535 INFO  .../cpp/hoot/core/ops/NamedOp.cpp(  56) Applying operation: hoot::UnlikelyIntersectionRemover
16:15:59.536 INFO  .../cpp/hoot/core/ops/NamedOp.cpp(  56) Applying operation: hoot::DualWaySplitter
16:15:59.536 INFO  ...e/splitter/DualWaySplitter.cpp(  83) Assuming drives on right.
16:15:59.536 INFO  ...e/splitter/DualWaySplitter.cpp( 246) Splitting divided ways...

16:15:59.536 INFO  .../cpp/hoot/core/ops/NamedOp.cpp(  56) Applying operation: hoot::ImpliedDividedMarker
16:15:59.537 INFO  .../cpp/hoot/core/ops/NamedOp.cpp(  56) Applying operation: hoot::DuplicateNameRemover
16:15:59.537 INFO  .../cpp/hoot/core/ops/NamedOp.cpp(  56) Applying operation: hoot::SmallWayMerger
16:15:59.537 INFO  .../cpp/hoot/core/ops/NamedOp.cpp(  74) Applying visitor: hoot::RemoveEmptyAreasVisitor
16:15:59.538 INFO  .../cpp/hoot/core/ops/NamedOp.cpp(  74) Applying visitor: hoot::RemoveDuplicateAreaVisitor
16:15:59.543 INFO  .../cpp/hoot/core/ops/NamedOp.cpp(  56) Applying operation: hoot::NoInformationElementRemover
16:15:59.549 INFO  ...lygon/BuildingMatchCreator.cpp( 177) Loading model from: /fouo/jason.surratt/hoot-release-1/hoot/conf/BuildingModel.rf
16:16:00.149 INFO  ...ighway/HighwayRfClassifier.cpp(  74) Loading highway model from: /fouo/jason.surratt/hoot-release-1/hoot/conf/HighwayModel.rf
16:16:01.674 INFO  ...ighway/HighwayRfClassifier.cpp(  85) factorLabels: [4]{EdgeDistanceRmseAggregator, EdgeDistanceSigma_Aggregator, hoot__AngleHistogramExtractor, hoot__WeightedMetricDistanceExtractor_way_agg__MeanAggregator_point_agg__RmseAggregator}
16:16:01.674 INFO  ...ighway/HighwayRfClassifier.cpp( 104) extractorNames: [4]{EdgeDistanceRmseAggregator, EdgeDistanceSigma_Aggregator, hoot__AngleHistogramExtractor, hoot__WeightedMetricDistanceExtractor_way_agg__MeanAggregator_point_agg__RmseAggregator}
16:16:01.674 INFO  ...ighway/HighwayRfClassifier.cpp( 105) missingExtractors: [0]{}
16:16:01.674 INFO  ...ighway/HighwayRfClassifier.cpp( 106) _rfFactorLabels: [4]{EdgeDistanceRmseAggregator, EdgeDistanceSigma_Aggregator, hoot__AngleHistogramExtractor, hoot__WeightedMetricDistanceExtractor_way_agg__MeanAggregator_point_agg__RmseAggregator}
16:16:01.675 INFO  ...lygon/BuildingMatchCreator.cpp( 211) *threshold: Thresholds; Match: 0.6 Miss: 0.6 Review: 0.6
16:16:01.804 INFO  ...ighway/HighwayMatchCreator.cpp(  87) neighbor counts, max: 6 mean: 3.875
16:16:01.804 INFO  ...conflate/UnifyingConflator.cpp( 165) Pre-constraining match count: 58
16:16:01.805 INFO  .../OptimalConstrainedMatches.cpp(  55) Calculating match conflicts
16:16:01.833 INFO  .../OptimalConstrainedMatches.cpp(  57) Done calculating match conflicts
16:16:01.834 INFO  ...conflate/UnifyingConflator.cpp( 188) CM took: 0.0287111s.
16:16:01.834 INFO  ...conflate/UnifyingConflator.cpp( 189) CM Score: 1110.52
16:16:01.834 INFO  ...h/GreedyConstrainedMatches.cpp(  68) Calculating match conflicts
16:16:01.834 INFO  ...h/GreedyConstrainedMatches.cpp(  70) Done calculating match conflicts
16:16:01.834 INFO  ...conflate/UnifyingConflator.cpp( 197) GM took: 0.00050807s.
16:16:01.834 INFO  ...conflate/UnifyingConflator.cpp( 198) GM Score: 1110.52
16:16:01.834 INFO  ...conflate/UnifyingConflator.cpp( 221) Post constraining match count: 35
16:16:01.887 INFO  .../cpp/hoot/core/ops/NamedOp.cpp(  56) Applying operation: hoot::SuperfluousNodeRemover
16:16:01.887 INFO  ...ops/SuperfluousNodeRemover.cpp(  53) Removing superfluous nodes...
Reprojecting 0 / 145         
16:16:01.888 INFO  .../cpp/hoot/core/ops/NamedOp.cpp(  56) Applying operation: hoot::SmallWayMerger
16:16:01.888 INFO  .../cpp/hoot/core/ops/NamedOp.cpp(  56) Applying operation: hoot::BuildingOutlineUpdateOp
Reprojecting 0 / 136         
16:16:02.071 WARN  ...core/scoring/MapComparator.cpp( 233) Number of elements does not match.
3,11c3,10
<     <node visible="true" id="-1" timestamp="1970-01-01T00:00:00Z" version="1" lat="38.8543319201230304" lon="-104.9017876860593788"/>
<     <node visible="true" id="-2" timestamp="1970-01-01T00:00:00Z" version="1" lat="38.8536194225014810" lon="-104.8987070428940598"/>
<     <node visible="true" id="-3" timestamp="1970-01-01T00:00:00Z" version="1" lat="38.8544293243065937" lon="-104.8980654352573794"/>
<     <node visible="true" id="-4" timestamp="1970-01-01T00:00:00Z" version="1" lat="38.8539525522998659" lon="-104.8996840393162842"/>
<     <node visible="true" id="-5" timestamp="1970-01-01T00:00:00Z" version="1" lat="38.8540541370891077" lon="-104.9024316099691276"/>
<     <node visible="true" id="-6" timestamp="1970-01-01T00:00:00Z" version="1" lat="38.8539585361836473" lon="-104.8989155074691695"/>
<     <node visible="true" id="-7" timestamp="1970-01-01T00:00:00Z" version="1" lat="38.8547197322843374" lon="-104.8973219116062410"/>
<     <node visible="true" id="-8" timestamp="1970-01-01T00:00:00Z" version="1" lat="38.8532583477841413" lon="-104.8997542928851772"/>
<     <node visible="true" id="-9" timestamp="1970-01-01T00:00:00Z" version="1" lat="38.8541670018907581" lon="-104.8997069874790355"/>
---
>     <node visible="true" id="-1" timestamp="1970-01-01T00:00:00Z" version="1" lat="38.8543333266515063" lon="-104.9017886295254840"/>
>     <node visible="true" id="-2" timestamp="1970-01-01T00:00:00Z" version="1" lat="38.8536144001894073" lon="-104.8986959037228672"/>
>     <node visible="true" id="-3" timestamp="1970-01-01T00:00:00Z" version="1" lat="38.8544239685758299" lon="-104.8980524176684241"/>
>     <node visible="true" id="-4" timestamp="1970-01-01T00:00:00Z" version="1" lat="38.8539511926382062" lon="-104.8996984421669652"/>
>     <node visible="true" id="-6" timestamp="1970-01-01T00:00:00Z" version="1" lat="38.8539627684563342" lon="-104.8988883358815372"/>
>     <node visible="true" id="-7" timestamp="1970-01-01T00:00:00Z" version="1" lat="38.8547184287700205" lon="-104.8973210629195734"/>
>     <node visible="true" id="-8" timestamp="1970-01-01T00:00:00Z" version="1" lat="38.8532631965920530" lon="-104.8997543796740075"/>
>     <node visible="true" id="-9" timestamp="1970-01-01T00:00:00Z" version="1" lat="38.8541651570062356" lon="-104.8997265302926394"/>
13,38c12,30
<     <node visible="true" id="-11" timestamp="1970-01-01T00:00:00Z" version="1" lat="38.8535166057996975" lon="-104.8992698972467963"/>
<     <node visible="true" id="-12" timestamp="1970-01-01T00:00:00Z" version="1" lat="38.8549321261880536" lon="-104.8979050333482093"/>
<     <node visible="true" id="-13" timestamp="1970-01-01T00:00:00Z" version="1" lat="38.8549614373988845" lon="-104.8997124086258452"/>
<     <node visible="true" id="-14" timestamp="1970-01-01T00:00:00Z" version="1" lat="38.8549019130812425" lon="-104.8964394115716487"/>
<     <node visible="true" id="-15" timestamp="1970-01-01T00:00:00Z" version="1" lat="38.8533001490996028" lon="-104.8994528828182951"/>
<     <node visible="true" id="-16" timestamp="1970-01-01T00:00:00Z" version="1" lat="38.8542471187715037" lon="-104.9010788637033329"/>
<     <node visible="true" id="-17" timestamp="1970-01-01T00:00:00Z" version="1" lat="38.8548207434768855" lon="-104.9008079025564513"/>
<     <node visible="true" id="-18" timestamp="1970-01-01T00:00:00Z" version="1" lat="38.8535508780501431" lon="-104.8988321216391171"/>
<     <node visible="true" id="-19" timestamp="1970-01-01T00:00:00Z" version="1" lat="38.8542327120211866" lon="-104.8983109602013712"/>
<     <node visible="true" id="-20" timestamp="1970-01-01T00:00:00Z" version="1" lat="38.8542618470630643" lon="-104.8997171368440888"/>
<     <node visible="true" id="-21" timestamp="1970-01-01T00:00:00Z" version="1" lat="38.8541298962059543" lon="-104.9023065312240703"/>
<     <node visible="true" id="-22" timestamp="1970-01-01T00:00:00Z" version="1" lat="38.8537204352567329" lon="-104.8987232568054679"/>
<     <node visible="true" id="-23" timestamp="1970-01-01T00:00:00Z" version="1" lat="38.8546042907457547" lon="-104.8977759011252999"/>
<     <node visible="true" id="-24" timestamp="1970-01-01T00:00:00Z" version="1" lat="38.8536248456666300" lon="-104.8996934957527998"/>
<     <node visible="true" id="-25" timestamp="1970-01-01T00:00:00Z" version="1" lat="38.8533470481071959" lon="-104.8993671807151884"/>
<     <node visible="true" id="-26" timestamp="1970-01-01T00:00:00Z" version="1" lat="38.8549524185660573" lon="-104.8987388916486054"/>
<     <node visible="true" id="-27" timestamp="1970-01-01T00:00:00Z" version="1" lat="38.8541335037809432" lon="-104.8988900284655017"/>
<     <node visible="true" id="-28" timestamp="1970-01-01T00:00:00Z" version="1" lat="38.8548604264061623" lon="-104.8968586569948656"/>
<     <node visible="true" id="-29" timestamp="1970-01-01T00:00:00Z" version="1" lat="38.8532424272016712" lon="-104.8996868263970015"/>
<     <node visible="true" id="-30" timestamp="1970-01-01T00:00:00Z" version="1" lat="38.8540851073630975" lon="-104.9014476647277121"/>
<     <node visible="true" id="-31" timestamp="1970-01-01T00:00:00Z" version="1" lat="38.8549289695954272" lon="-104.9005253172435630"/>
<     <node visible="true" id="-32" timestamp="1970-01-01T00:00:00Z" version="1" lat="38.8535689160700528" lon="-104.8990568001255923"/>
<     <node visible="true" id="-33" timestamp="1970-01-01T00:00:00Z" version="1" lat="38.8541767946664507" lon="-104.8987070428940598"/>
<     <node visible="true" id="-34" timestamp="1970-01-01T00:00:00Z" version="1" lat="38.8545785045938388" lon="-104.8997171368440888"/>
<     <node visible="true" id="-35" timestamp="1970-01-01T00:00:00Z" version="1" lat="38.8549073243849037" lon="-104.8961823052623856"/>
<     <node visible="true" id="-36" timestamp="1970-01-01T00:00:00Z" version="1" lat="38.8542599687747270" lon="-104.9005795104799432"/>
---
>     <node visible="true" id="-11" timestamp="1970-01-01T00:00:00Z" version="1" lat="38.8535161468626953" lon="-104.8992688479958133"/>
>     <node visible="true" id="-14" timestamp="1970-01-01T00:00:00Z" version="1" lat="38.8549027926109645" lon="-104.8964394765663570"/>
>     <node visible="true" id="-15" timestamp="1970-01-01T00:00:00Z" version="1" lat="38.8533041982194476" lon="-104.8994562553049121"/>
>     <node visible="true" id="-16" timestamp="1970-01-01T00:00:00Z" version="1" lat="38.8542597463276422" lon="-104.9010932128831826"/>
>     <node visible="true" id="-17" timestamp="1970-01-01T00:00:00Z" version="1" lat="38.8548198247341503" lon="-104.9008071399017723"/>
>     <node visible="true" id="-18" timestamp="1970-01-01T00:00:00Z" version="1" lat="38.8535637766735462" lon="-104.8988319542173855"/>
>     <node visible="true" id="-19" timestamp="1970-01-01T00:00:00Z" version="1" lat="38.8542333855999544" lon="-104.8983112602707735"/>
>     <node visible="true" id="-21" timestamp="1970-01-01T00:00:00Z" version="1" lat="38.8541290823765166" lon="-104.9023059843060537"/>
>     <node visible="true" id="-22" timestamp="1970-01-01T00:00:00Z" version="1" lat="38.8537293460943260" lon="-104.8987030651359333"/>
>     <node visible="true" id="-23" timestamp="1970-01-01T00:00:00Z" version="1" lat="38.8545941858031156" lon="-104.8977717819904001"/>
>     <node visible="true" id="-24" timestamp="1970-01-01T00:00:00Z" version="1" lat="38.8536255122030951" lon="-104.8997080472595229"/>
>     <node visible="true" id="-25" timestamp="1970-01-01T00:00:00Z" version="1" lat="38.8533520385493958" lon="-104.8993769453336000"/>
>     <node visible="true" id="-26" timestamp="1970-01-01T00:00:00Z" version="1" lat="38.8549332010215949" lon="-104.8987396826851750"/>
>     <node visible="true" id="-27" timestamp="1970-01-01T00:00:00Z" version="1" lat="38.8541236595142720" lon="-104.8988702772189185"/>
>     <node visible="true" id="-28" timestamp="1970-01-01T00:00:00Z" version="1" lat="38.8548649697576636" lon="-104.8968595212612342"/>
>     <node visible="true" id="-29" timestamp="1970-01-01T00:00:00Z" version="1" lat="38.8532556010462713" lon="-104.8996870621831476"/>
>     <node visible="true" id="-32" timestamp="1970-01-01T00:00:00Z" version="1" lat="38.8535751570520063" lon="-104.8990562409706797"/>
>     <node visible="true" id="-33" timestamp="1970-01-01T00:00:00Z" version="1" lat="38.8541786188228286" lon="-104.8987072294387701"/>
>     <node visible="true" id="-34" timestamp="1970-01-01T00:00:00Z" version="1" lat="38.8545788694794751" lon="-104.8997334903261418"/>
133c125
<         <tag k="place" v="town"/>
---
>         <tag k="place" v="city"/>
156a149,206
>     <node visible="true" id="-128" timestamp="1970-01-01T00:00:00Z" version="1" lat="38.8535431543155809" lon="-104.8992205716113659"/>
>     <node visible="true" id="-130" timestamp="1970-01-01T00:00:00Z" version="1" lat="38.8535718991394674" lon="-104.8997158956660627"/>
>     <node visible="true" id="-131" timestamp="1970-01-01T00:00:00Z" version="1" lat="38.8549409779682620" lon="-104.9004670613118577"/>
>     <node visible="true" id="-132" timestamp="1970-01-01T00:00:00Z" version="1" lat="38.8546979815308617" lon="-104.8973843593401654"/>
>     <node visible="true" id="-133" timestamp="1970-01-01T00:00:00Z" version="1" lat="38.8542449484401402" lon="-104.8982874133514684"/>
>     <node visible="true" id="-134" timestamp="1970-01-01T00:00:00Z" version="1" lat="38.8535804207534170" lon="-104.8987665093812893"/>
>     <node visible="true" id="-135" timestamp="1970-01-01T00:00:00Z" version="1" lat="38.8546164566757355" lon="-104.8976829623472611"/>
>     <node visible="true" id="-136" timestamp="1970-01-01T00:00:00Z" version="1" lat="38.8532644610779272" lon="-104.8996199271801970"/>
>     <node visible="true" id="-137" timestamp="1970-01-01T00:00:00Z" version="1" lat="38.8542019305317723" lon="-104.8984770678288072"/>
>     <node visible="true" id="-138" timestamp="1970-01-01T00:00:00Z" version="1" lat="38.8542139527886334" lon="-104.9020929709557777"/>
>     <node visible="true" id="-139" timestamp="1970-01-01T00:00:00Z" version="1" lat="38.8535729043530011" lon="-104.8990873177901335"/>
>     <node visible="true" id="-140" timestamp="1970-01-01T00:00:00Z" version="1" lat="38.8542522103666244" lon="-104.8997379736316873"/>
>     <node visible="true" id="-141" timestamp="1970-01-01T00:00:00Z" version="1" lat="38.8548655521820763" lon="-104.9007035280339011"/>
>     <node visible="true" id="-142" timestamp="1970-01-01T00:00:00Z" version="1" lat="38.8548155834967091" lon="-104.8970395682137564"/>
>     <node visible="true" id="-143" timestamp="1970-01-01T00:00:00Z" version="1" lat="38.8543306556055370" lon="-104.8981409226677641"/>
>     <node visible="true" id="-144" timestamp="1970-01-01T00:00:00Z" version="1" lat="38.8536214481683189" lon="-104.8986908645953235"/>
>     <node visible="true" id="-145" timestamp="1970-01-01T00:00:00Z" version="1" lat="38.8539999871987689" lon="-104.8988891979690408"/>
>     <node visible="true" id="-146" timestamp="1970-01-01T00:00:00Z" version="1" lat="38.8533330595156130" lon="-104.8994013846223652"/>
>     <node visible="true" id="-148" timestamp="1970-01-01T00:00:00Z" version="1" lat="38.8543092942335875" lon="-104.9003407462787862"/>
>     <node visible="true" id="-150" timestamp="1970-01-01T00:00:00Z" version="1" lat="38.8544508978179621" lon="-104.9015545157590594"/>
>     <node visible="true" id="-151" timestamp="1970-01-01T00:00:00Z" version="1" lat="38.8548850247970776" lon="-104.8966723654602049"/>
>     <node visible="true" id="-152" timestamp="1970-01-01T00:00:00Z" version="1" lat="38.8544679807117035" lon="-104.8980041890710311"/>
>     <node visible="true" id="-153" timestamp="1970-01-01T00:00:00Z" version="1" lat="38.8537049084631221" lon="-104.8986905082268066"/>
>     <node visible="true" id="-154" timestamp="1970-01-01T00:00:00Z" version="1" lat="38.8541270090801945" lon="-104.8988558583296395"/>
>     <node visible="true" id="-155" timestamp="1970-01-01T00:00:00Z" version="1" lat="38.8535225572733864" lon="-104.8992593905662147"/>
>     <node visible="true" id="-156" timestamp="1970-01-01T00:00:00Z" version="1" lat="38.8549221728372771" lon="-104.8982922321226425"/>
>     <node visible="true" id="-158" timestamp="1970-01-01T00:00:00Z" version="1" lat="38.8549486434622651" lon="-104.9003903370708457"/>
>     <node visible="true" id="-159" timestamp="1970-01-01T00:00:00Z" version="1" lat="38.8546439475066023" lon="-104.8975572619474974"/>
>     <node visible="true" id="-161" timestamp="1970-01-01T00:00:00Z" version="1" lat="38.8535708969745528" lon="-104.8989928762206461"/>
>     <node visible="true" id="-162" timestamp="1970-01-01T00:00:00Z" version="1" lat="38.8545715411751544" lon="-104.8978260596082350"/>
>     <node visible="true" id="-163" timestamp="1970-01-01T00:00:00Z" version="1" lat="38.8538876843914949" lon="-104.8988363034224705"/>
>     <node visible="true" id="-164" timestamp="1970-01-01T00:00:00Z" version="1" lat="38.8541745118073649" lon="-104.8987355602937441"/>
>     <node visible="true" id="-165" timestamp="1970-01-01T00:00:00Z" version="1" lat="38.8542933192518447" lon="-104.9018891388971184"/>
>     <node visible="true" id="-166" timestamp="1970-01-01T00:00:00Z" version="1" lat="38.8535616788941738" lon="-104.8991590852833582"/>
>     <node visible="true" id="-167" timestamp="1970-01-01T00:00:00Z" version="1" lat="38.8549444659799121" lon="-104.8994161650733901"/>
>     <node visible="true" id="-168" timestamp="1970-01-01T00:00:00Z" version="1" lat="38.8538861260394697" lon="-104.8996944563124316"/>
>     <node visible="true" id="-169" timestamp="1970-01-01T00:00:00Z" version="1" lat="38.8549243324861422" lon="-104.9005583101533290"/>
>     <node visible="true" id="-170" timestamp="1970-01-01T00:00:00Z" version="1" lat="38.8547549108370802" lon="-104.8972163268667970"/>
>     <node visible="true" id="-171" timestamp="1970-01-01T00:00:00Z" version="1" lat="38.8542898109349508" lon="-104.8981995467470654"/>
>     <node visible="true" id="-172" timestamp="1970-01-01T00:00:00Z" version="1" lat="38.8536002858380201" lon="-104.8987105106196793"/>
>     <node visible="true" id="-173" timestamp="1970-01-01T00:00:00Z" version="1" lat="38.8539355831705180" lon="-104.8988726886128973"/>
>     <node visible="true" id="-174" timestamp="1970-01-01T00:00:00Z" version="1" lat="38.8542156879655991" lon="-104.8983977380397050"/>
>     <node visible="true" id="-175" timestamp="1970-01-01T00:00:00Z" version="1" lat="38.8532920574413296" lon="-104.8994895866413231"/>
>     <node visible="true" id="-176" timestamp="1970-01-01T00:00:00Z" version="1" lat="38.8541121635671942" lon="-104.9023397786969696"/>
>     <node visible="true" id="-177" timestamp="1970-01-01T00:00:00Z" version="1" lat="38.8542664238765525" lon="-104.9010835233611658"/>
>     <node visible="true" id="-179" timestamp="1970-01-01T00:00:00Z" version="1" lat="38.8547551319069981" lon="-104.9009362254819706"/>
>     <node visible="true" id="-180" timestamp="1970-01-01T00:00:00Z" version="1" lat="38.8548528989617452" lon="-104.8969188397425398"/>
>     <node visible="true" id="-181" timestamp="1970-01-01T00:00:00Z" version="1" lat="38.8543860951041324" lon="-104.8980868211752551"/>
>     <node visible="true" id="-182" timestamp="1970-01-01T00:00:00Z" version="1" lat="38.8536582594711604" lon="-104.8986856262389864"/>
>     <node visible="true" id="-183" timestamp="1970-01-01T00:00:00Z" version="1" lat="38.8540519650377263" lon="-104.8988854376103887"/>
>     <node visible="true" id="-184" timestamp="1970-01-01T00:00:00Z" version="1" lat="38.8533917242761149" lon="-104.8993492112807218"/>
>     <node visible="true" id="-185" timestamp="1970-01-01T00:00:00Z" version="1" lat="38.8549332582692912" lon="-104.8987446295721355"/>
>     <node visible="true" id="-187" timestamp="1970-01-01T00:00:00Z" version="1" lat="38.8549566907480894" lon="-104.8999830345424868"/>
>     <node visible="true" id="-188" timestamp="1970-01-01T00:00:00Z" version="1" lat="38.8543576433104150" lon="-104.9017347986248296"/>
>     <node visible="true" id="-189" timestamp="1970-01-01T00:00:00Z" version="1" lat="38.8548999958002241" lon="-104.8964784753907367"/>
>     <node visible="true" id="-190" timestamp="1970-01-01T00:00:00Z" version="1" lat="38.8545057634202777" lon="-104.8979467048691845"/>
>     <node visible="true" id="-191" timestamp="1970-01-01T00:00:00Z" version="1" lat="38.8537519804972860" lon="-104.8987203969594333"/>
>     <node visible="true" id="-192" timestamp="1970-01-01T00:00:00Z" version="1" lat="38.8541554749525915" lon="-104.8988123112426223"/>
181,217c231,250
<     <node visible="true" id="-296" timestamp="1970-01-01T00:00:00Z" version="1" lat="38.8543116509978290" lon="-104.8997171368439325"/>
<     <node visible="true" id="-298" timestamp="1970-01-01T00:00:00Z" version="1" lat="38.8532641860755490" lon="-104.8997533243950926"/>
<     <way visible="true" id="-252" timestamp="1970-01-01T00:00:00Z" version="1">
<         <nd ref="-224"/>
<         <nd ref="-227"/>
<         <nd ref="-228"/>
<         <nd ref="-229"/>
<         <nd ref="-230"/>
<         <nd ref="-231"/>
<         <nd ref="-232"/>
<         <nd ref="-233"/>
<         <nd ref="-223"/>
<         <nd ref="-222"/>
<         <nd ref="-221"/>
<         <nd ref="-220"/>
<         <nd ref="-219"/>
<         <nd ref="-218"/>
<         <nd ref="-226"/>
<         <nd ref="-225"/>
<         <nd ref="-224"/>
<         <tag k="REF1" v="Panera"/>
<         <tag k="REF2" v="Panera"/>
<         <tag k="hoot:building:match" v="true"/>
<         <tag k="alt_name" v="Maid-Rite;Maid-Rite Diner"/>
<         <tag k="building" v="yes"/>
<         <tag k="name" v="Panera Bread"/>
<     </way>
<     <way visible="true" id="-250" timestamp="1970-01-01T00:00:00Z" version="1">
<         <nd ref="-13"/>
<         <nd ref="-26"/>
<         <nd ref="-12"/>
<         <tag k="note" v="1"/>
<         <tag k="highway" v="road"/>
<         <tag k="error:circular" v="15"/>
<     </way>
<     <way visible="true" id="-247" timestamp="1970-01-01T00:00:00Z" version="1">
<         <nd ref="-30"/>
---
>     <node visible="true" id="-306" timestamp="1970-01-01T00:00:00Z" version="1" lat="38.8540428098987363" lon="-104.9024132149170043"/>
>     <node visible="true" id="-308" timestamp="1970-01-01T00:00:00Z" version="1" lat="38.8540451181408244" lon="-104.9024258192857815"/>
>     <node visible="true" id="-330" timestamp="1970-01-01T00:00:00Z" version="1" lat="38.8549597506335900" lon="-104.8997604457939872"/>
>     <node visible="true" id="-331" timestamp="1970-01-01T00:00:00Z" version="1" lat="38.8549328520110109" lon="-104.9005264115538552"/>
>     <node visible="true" id="-353" timestamp="1970-01-01T00:00:00Z" version="1" lat="38.8549095401424083" lon="-104.8979043891115879"/>
>     <node visible="true" id="-355" timestamp="1970-01-01T00:00:00Z" version="1" lat="38.8549208526413565" lon="-104.8979035856773123"/>
>     <node visible="true" id="-378" timestamp="1970-01-01T00:00:00Z" version="1" lat="38.8543125996990710" lon="-104.8997596558878200"/>
>     <node visible="true" id="-379" timestamp="1970-01-01T00:00:00Z" version="1" lat="38.8549540733279457" lon="-104.8997360497195928"/>
>     <node visible="true" id="-395" timestamp="1970-01-01T00:00:00Z" version="1" lat="38.8532680453999433" lon="-104.8997544664628379"/>
>     <node visible="true" id="-396" timestamp="1970-01-01T00:00:00Z" version="1" lat="38.8549151753019046" lon="-104.8961828853941824"/>
>     <node visible="true" id="-398" timestamp="1970-01-01T00:00:00Z" version="1" lat="38.8549118338048629" lon="-104.8961695657613831"/>
>     <node visible="true" id="-412" timestamp="1970-01-01T00:00:00Z" version="1" lat="38.8542694853705726" lon="-104.8997531575323592"/>
>     <node visible="true" id="-413" timestamp="1970-01-01T00:00:00Z" version="1" lat="38.8542867489720720" lon="-104.8997277753313995"/>
>     <node visible="true" id="-414" timestamp="1970-01-01T00:00:00Z" version="1" lat="38.8532677747919379" lon="-104.8997703867803608"/>
>     <node visible="true" id="-425" timestamp="1970-01-01T00:00:00Z" version="1" lat="38.8540586834321502" lon="-104.9014176380409680"/>
>     <node visible="true" id="-426" timestamp="1970-01-01T00:00:00Z" version="1" lat="38.8542808336864738" lon="-104.9005805949478543"/>
>     <node visible="true" id="-427" timestamp="1970-01-01T00:00:00Z" version="1" lat="38.8540675916966762" lon="-104.9014388962447697"/>
>     <way visible="true" id="-272" timestamp="1970-01-01T00:00:00Z" version="1">
>         <nd ref="-426"/>
>         <nd ref="-177"/>
219c252
<         <nd ref="-36"/>
---
>         <nd ref="-427"/>
222c255
<         <tag k="error:circular" v="15"/>
---
>         <tag k="error:circular" v="10.6066"/>
224,227c257,260
<     <way visible="true" id="-243" timestamp="1970-01-01T00:00:00Z" version="1">
<         <nd ref="-36"/>
<         <nd ref="-20"/>
<         <tag k="note" v="2"/>
---
>     <way visible="true" id="-269" timestamp="1970-01-01T00:00:00Z" version="1">
>         <nd ref="-413"/>
>         <nd ref="-148"/>
>         <nd ref="-426"/>
231,232c264,278
<     <way visible="true" id="-240" timestamp="1970-01-01T00:00:00Z" version="1">
<         <nd ref="-298"/>
---
>     <way visible="true" id="-256" timestamp="1970-01-01T00:00:00Z" version="1">
>         <nd ref="-413"/>
>         <nd ref="-140"/>
>         <nd ref="-9"/>
>         <nd ref="-4"/>
>         <nd ref="-168"/>
>         <nd ref="-24"/>
>         <nd ref="-130"/>
>         <nd ref="-414"/>
>         <tag k="note" v="0"/>
>         <tag k="highway" v="road"/>
>         <tag k="error:circular" v="10.6066"/>
>     </way>
>     <way visible="true" id="-224" timestamp="1970-01-01T00:00:00Z" version="1">
>         <nd ref="-414"/>
234a281,282
>         <nd ref="-136"/>
>         <nd ref="-175"/>
235a284
>         <nd ref="-146"/>
236a286
>         <nd ref="-184"/>
237a288,291
>         <nd ref="-155"/>
>         <nd ref="-128"/>
>         <nd ref="-166"/>
>         <nd ref="-139"/>
238a293
>         <nd ref="-161"/>
239a295,296
>         <nd ref="-134"/>
>         <nd ref="-172"/>
240a298,300
>         <nd ref="-144"/>
>         <nd ref="-182"/>
>         <nd ref="-153"/>
241a302,304
>         <nd ref="-191"/>
>         <nd ref="-163"/>
>         <nd ref="-173"/>
242a306,307
>         <nd ref="-145"/>
>         <nd ref="-183"/>
243a309,311
>         <nd ref="-154"/>
>         <nd ref="-192"/>
>         <nd ref="-164"/>
244a313,314
>         <nd ref="-137"/>
>         <nd ref="-174"/>
245a316,319
>         <nd ref="-133"/>
>         <nd ref="-171"/>
>         <nd ref="-143"/>
>         <nd ref="-181"/>
246a321,323
>         <nd ref="-152"/>
>         <nd ref="-190"/>
>         <nd ref="-162"/>
247a325,327
>         <nd ref="-135"/>
>         <nd ref="-159"/>
>         <nd ref="-132"/>
248a329,331
>         <nd ref="-170"/>
>         <nd ref="-142"/>
>         <nd ref="-180"/>
249a333,334
>         <nd ref="-151"/>
>         <nd ref="-189"/>
251c336
<         <nd ref="-35"/>
---
>         <nd ref="-398"/>
254,296c339
<         <tag k="error:circular" v="15"/>
<     </way>
<     <way visible="true" id="-236" timestamp="1970-01-01T00:00:00Z" version="1">
<         <nd ref="-20"/>
<         <nd ref="-9"/>
<         <nd ref="-4"/>
<         <nd ref="-24"/>
<         <nd ref="-298"/>
<         <tag k="note" v="0"/>
<         <tag k="highway" v="road"/>
<         <tag k="error:circular" v="15"/>
<     </way>
<     <way visible="true" id="-233" timestamp="1970-01-01T00:00:00Z" version="1">
<         <nd ref="-296"/>
<         <nd ref="-20"/>
<         <tag k="note" v="0"/>
<         <tag k="highway" v="road"/>
<         <tag k="error:circular" v="15"/>
<     </way>
<     <way visible="true" id="-232" timestamp="1970-01-01T00:00:00Z" version="1">
<         <nd ref="-13"/>
<         <nd ref="-34"/>
<         <nd ref="-296"/>
<         <tag k="note" v="0"/>
<         <tag k="highway" v="road"/>
<         <tag k="error:circular" v="15"/>
<     </way>
<     <way visible="true" id="-229" timestamp="1970-01-01T00:00:00Z" version="1">
<         <nd ref="-5"/>
<         <nd ref="-21"/>
<         <nd ref="-1"/>
<         <nd ref="-17"/>
<         <nd ref="-31"/>
<         <tag k="note" v="0"/>
<         <tag k="highway" v="road"/>
<         <tag k="error:circular" v="15"/>
<     </way>
<     <way visible="true" id="-225" timestamp="1970-01-01T00:00:00Z" version="1">
<         <nd ref="-31"/>
<         <nd ref="-13"/>
<         <tag k="note" v="0"/>
<         <tag k="highway" v="road"/>
<         <tag k="error:circular" v="15"/>
---
>         <tag k="error:circular" v="10.6066"/>
479c522
<         <nd ref="-36"/>
---
>         <nd ref="-426"/>
481c524
<         <nd ref="-31"/>
---
>         <nd ref="-331"/>
486c529,601
<     <relation visible="true" id="-4" timestamp="1970-01-01T00:00:00Z" version="1">
---
>     <way visible="true" id="-193" timestamp="1970-01-01T00:00:00Z" version="1">
>         <nd ref="-379"/>
>         <nd ref="-34"/>
>         <nd ref="-413"/>
>         <tag k="note" v="0"/>
>         <tag k="highway" v="road"/>
>         <tag k="error:circular" v="10.6066"/>
>     </way>
>     <way visible="true" id="-170" timestamp="1970-01-01T00:00:00Z" version="1">
>         <nd ref="-379"/>
>         <nd ref="-167"/>
>         <nd ref="-185"/>
>         <nd ref="-26"/>
>         <nd ref="-156"/>
>         <nd ref="-355"/>
>         <tag k="note" v="1"/>
>         <tag k="highway" v="road"/>
>         <tag k="error:circular" v="10.6066"/>
>     </way>
>     <way visible="true" id="-143" timestamp="1970-01-01T00:00:00Z" version="1">
>         <nd ref="-331"/>
>         <nd ref="-131"/>
>         <nd ref="-158"/>
>         <nd ref="-187"/>
>         <nd ref="-379"/>
>         <tag k="note" v="0"/>
>         <tag k="highway" v="road"/>
>         <tag k="error:circular" v="10.6066"/>
>     </way>
>     <way visible="true" id="-108" timestamp="1970-01-01T00:00:00Z" version="1">
>         <nd ref="-308"/>
>         <nd ref="-176"/>
>         <nd ref="-21"/>
>         <nd ref="-138"/>
>         <nd ref="-165"/>
>         <nd ref="-1"/>
>         <nd ref="-188"/>
>         <nd ref="-150"/>
>         <nd ref="-179"/>
>         <nd ref="-17"/>
>         <nd ref="-141"/>
>         <nd ref="-169"/>
>         <nd ref="-331"/>
>         <tag k="note" v="0"/>
>         <tag k="highway" v="road"/>
>         <tag k="error:circular" v="10.6066"/>
>     </way>
>     <way visible="true" id="-283" timestamp="1970-01-01T00:00:00Z" version="1">
>         <nd ref="-224"/>
>         <nd ref="-227"/>
>         <nd ref="-228"/>
>         <nd ref="-229"/>
>         <nd ref="-230"/>
>         <nd ref="-231"/>
>         <nd ref="-232"/>
>         <nd ref="-233"/>
>         <nd ref="-223"/>
>         <nd ref="-222"/>
>         <nd ref="-221"/>
>         <nd ref="-220"/>
>         <nd ref="-219"/>
>         <nd ref="-218"/>
>         <nd ref="-226"/>
>         <nd ref="-225"/>
>         <nd ref="-224"/>
>         <tag k="REF1" v="Panera"/>
>         <tag k="REF2" v="Panera"/>
>         <tag k="hoot:building:match" v="true"/>
>         <tag k="alt_name" v="Maid-Rite;Maid-Rite Diner"/>
>         <tag k="building" v="yes"/>
>         <tag k="name" v="Panera Bread"/>
>     </way>
>     <relation visible="true" id="-1" timestamp="1970-01-01T00:00:00Z" version="1">
489c604
<         <member type="way" ref="-252" role="outline"/>
---
>         <member type="way" ref="-283" role="outline"/>
