16:16:27.969 WARN  ...core/scoring/MapComparator.cpp( 233) Number of elements does not match.
447c447
<         <tag k="place" v="town"/>
---
>         <tag k="place" v="city"/>
575,576c575,576
<     <node visible="true" id="-296" timestamp="1970-01-01T00:00:00Z" version="1" lat="38.8543116509978290" lon="-104.8997171368439325">
<         <tag k="hoot:id" v="-296"/>
---
>     <node visible="true" id="-294" timestamp="1970-01-01T00:00:00Z" version="1" lat="38.8543116509978290" lon="-104.8997171368439325">
>         <tag k="hoot:id" v="-294"/>
579,580c579,580
<     <node visible="true" id="-298" timestamp="1970-01-01T00:00:00Z" version="1" lat="38.8532641860755490" lon="-104.8997533243950926">
<         <tag k="hoot:id" v="-298"/>
---
>     <node visible="true" id="-297" timestamp="1970-01-01T00:00:00Z" version="1" lat="38.8532641860755490" lon="-104.8997533243950926">
>         <tag k="hoot:id" v="-297"/>
583c583
<     <way visible="true" id="-252" timestamp="1970-01-01T00:00:00Z" version="1">
---
>     <way visible="true" id="-243" timestamp="1970-01-01T00:00:00Z" version="1">
607c607
<         <tag k="hoot:id" v="-252"/>
---
>         <tag k="hoot:id" v="-243"/>
610c610
<     <way visible="true" id="-250" timestamp="1970-01-01T00:00:00Z" version="1">
---
>     <way visible="true" id="-241" timestamp="1970-01-01T00:00:00Z" version="1">
617c617
<         <tag k="hoot:id" v="-250"/>
---
>         <tag k="hoot:id" v="-241"/>
620c620
<     <way visible="true" id="-247" timestamp="1970-01-01T00:00:00Z" version="1">
---
>     <way visible="true" id="-238" timestamp="1970-01-01T00:00:00Z" version="1">
627c627
<         <tag k="hoot:id" v="-247"/>
---
>         <tag k="hoot:id" v="-238"/>
630c630
<     <way visible="true" id="-243" timestamp="1970-01-01T00:00:00Z" version="1">
---
>     <way visible="true" id="-234" timestamp="1970-01-01T00:00:00Z" version="1">
636c636
<         <tag k="hoot:id" v="-243"/>
---
>         <tag k="hoot:id" v="-234"/>
639,640c639,640
<     <way visible="true" id="-240" timestamp="1970-01-01T00:00:00Z" version="1">
<         <nd ref="-298"/>
---
>     <way visible="true" id="-231" timestamp="1970-01-01T00:00:00Z" version="1">
>         <nd ref="-297"/>
663c663
<         <tag k="hoot:id" v="-240"/>
---
>         <tag k="hoot:id" v="-231"/>
666c666
<     <way visible="true" id="-236" timestamp="1970-01-01T00:00:00Z" version="1">
---
>     <way visible="true" id="-227" timestamp="1970-01-01T00:00:00Z" version="1">
671c671
<         <nd ref="-298"/>
---
>         <nd ref="-297"/>
675c675
<         <tag k="hoot:id" v="-236"/>
---
>         <tag k="hoot:id" v="-227"/>
678,687c678
<     <way visible="true" id="-233" timestamp="1970-01-01T00:00:00Z" version="1">
<         <nd ref="-296"/>
<         <nd ref="-20"/>
<         <tag k="note" v="0"/>
<         <tag k="highway" v="road"/>
<         <tag k="error:circular" v="15"/>
<         <tag k="hoot:id" v="-233"/>
<         <tag k="hoot:status" v="1"/>
<     </way>
<     <way visible="true" id="-232" timestamp="1970-01-01T00:00:00Z" version="1">
---
>     <way visible="true" id="-219" timestamp="1970-01-01T00:00:00Z" version="1">
690,711c681,682
<         <nd ref="-296"/>
<         <tag k="note" v="0"/>
<         <tag k="highway" v="road"/>
<         <tag k="error:circular" v="15"/>
<         <tag k="hoot:id" v="-232"/>
<         <tag k="hoot:status" v="3"/>
<     </way>
<     <way visible="true" id="-229" timestamp="1970-01-01T00:00:00Z" version="1">
<         <nd ref="-5"/>
<         <nd ref="-21"/>
<         <nd ref="-1"/>
<         <nd ref="-17"/>
<         <nd ref="-31"/>
<         <tag k="note" v="0"/>
<         <tag k="highway" v="road"/>
<         <tag k="error:circular" v="15"/>
<         <tag k="hoot:id" v="-229"/>
<         <tag k="hoot:status" v="3"/>
<     </way>
<     <way visible="true" id="-225" timestamp="1970-01-01T00:00:00Z" version="1">
<         <nd ref="-31"/>
<         <nd ref="-13"/>
---
>         <nd ref="-294"/>
>         <nd ref="-20"/>
715c686
<         <tag k="hoot:id" v="-225"/>
---
>         <tag k="hoot:id" v="-219"/>
765a737,757
>     <way visible="true" id="-216" timestamp="1970-01-01T00:00:00Z" version="1">
>         <nd ref="-5"/>
>         <nd ref="-21"/>
>         <nd ref="-1"/>
>         <nd ref="-17"/>
>         <nd ref="-31"/>
>         <tag k="note" v="0"/>
>         <tag k="highway" v="road"/>
>         <tag k="error:circular" v="15"/>
>         <tag k="hoot:id" v="-216"/>
>         <tag k="hoot:status" v="3"/>
>     </way>
>     <way visible="true" id="-212" timestamp="1970-01-01T00:00:00Z" version="1">
>         <nd ref="-31"/>
>         <nd ref="-13"/>
>         <tag k="note" v="0"/>
>         <tag k="highway" v="road"/>
>         <tag k="error:circular" v="15"/>
>         <tag k="hoot:id" v="-212"/>
>         <tag k="hoot:status" v="3"/>
>     </way>
932c924
<     <relation visible="true" id="-4" timestamp="1970-01-01T00:00:00Z" version="1">
---
>     <relation visible="true" id="-3" timestamp="1970-01-01T00:00:00Z" version="1">
935c927
<         <member type="way" ref="-252" role="outline"/>
---
>         <member type="way" ref="-243" role="outline"/>
943c935
<         <tag k="hoot:id" v="-4"/>
---
>         <tag k="hoot:id" v="-3"/>
