16:17:53.539 WARN  ...core/scoring/MapComparator.cpp( 123) Tags do not match:
16:17:53.539 WARN  ...core/scoring/MapComparator.cpp( 136) < hoot:review:note = The feature pair met neither the threshold for a match, miss, or review (review by default).
16:17:53.539 WARN  ...core/scoring/MapComparator.cpp( 137) > hoot:review:note = BuildingMatch: Way:-718, Way:-2787 p: match: 0.55 miss: 0.45 review: 0 note: 
16:17:53.539 WARN  ...core/scoring/MapComparator.cpp( 123) Tags do not match:
16:17:53.539 WARN  ...core/scoring/MapComparator.cpp( 136) < hoot:review:note = The feature pair met neither the threshold for a match, miss, or review (review by default).
16:17:53.539 WARN  ...core/scoring/MapComparator.cpp( 137) > hoot:review:note = BuildingMatch: Way:-853, Way:-2521 p: match: 0.425 miss: 0.175 review: 0.4 note: 
