INFO  ...p/hoot/core/ops/MapCropper.cpp( 115) Cropping map.
INFO  ...p/hoot/core/ops/MapCropper.cpp( 154)   Removing nodes...
INFO  ...late/SuperfluousWayRemover.cpp(  59) Removing superfluous ways...
INFO  ...ops/SuperfluousNodeRemover.cpp(  53) Removing superfluous nodes...
