22:59:07.435 INFO  ...p/hoot/core/cmd/Ogr2OsmCmd.cpp( 128) layers: [2]{cali_fake_points, cali_test}
22:59:07.481 INFO  ...p/hoot/core/cmd/Ogr2OsmCmd.cpp( 177) Reading: test-output/cmd/translation_assistant_ogr2osm/caligdb.gdb cali_fake_points
Loading test-output/cmd/translation_assistant_ogr2osm/caligdb.gdb cali_fake_points 0 / 4   
22:59:07.506 INFO  ...p/hoot/core/cmd/Ogr2OsmCmd.cpp( 177) Reading: test-output/cmd/translation_assistant_ogr2osm/caligdb.gdb cali_test
Loading test-output/cmd/translation_assistant_ogr2osm/caligdb.gdb cali_test 0 / 357   
Reprojecting 0 / 2343         Reprojecting 1000 / 2343         Reprojecting 2000 / 2343         
22:59:07.691 INFO  .../cpp/hoot/core/ops/NamedOp.cpp(  56) Applying operation: hoot::MergeNearbyNodes
22:59:07.691 INFO  .../core/ops/MergeNearbyNodes.cpp(  73) MergeNearbyNodes start
MergeNearbyNodes 0 0    MergeNearbyNodes 1000 732    MergeNearbyNodes 1402 elapsed: 13ms        
22:59:07.705 INFO  .../cpp/hoot/core/ops/NamedOp.cpp(  56) Applying operation: hoot::BuildingPartMergeOp
Ways: 0 / 357        Ways: 357 / 357        
Relations: 0 / 0        
Combining Parts: 0 / 0        
Reprojecting 0 / 1402         Reprojecting 1000 / 1402         
