16:37:50.022 INFO  ...p/hoot/core/cmd/Ogr2OsmCmd.cpp( 178) Reading: test-files/NFDD_TDSv4/AIRCRAFT_HANGAR_P.shp AIRCRAFT_HANGAR_P
Loading test-files/NFDD_TDSv4/AIRCRAFT_HANGAR_P.shp AIRCRAFT_HANGAR_P 0 / 2   
16:37:50.053 INFO  ...p/hoot/core/cmd/Ogr2OsmCmd.cpp( 178) Reading: test-files/NFDD_TDSv4/BUILDING_P.shp BUILDING_P
Loading test-files/NFDD_TDSv4/BUILDING_P.shp BUILDING_P 0 / 38   
16:37:50.080 INFO  ...p/hoot/core/cmd/Ogr2OsmCmd.cpp( 178) Reading: test-files/NFDD_TDSv4/BUILDING_S.shp BUILDING_S
Loading test-files/NFDD_TDSv4/BUILDING_S.shp BUILDING_S 0 / 9   
16:37:50.087 INFO  ...p/hoot/core/cmd/Ogr2OsmCmd.cpp( 178) Reading: test-files/NFDD_TDSv4/BUILDING_SUPERSTRUCTURE_P.shp BUILDING_SUPERSTRUCTURE_P
Loading test-files/NFDD_TDSv4/BUILDING_SUPERSTRUCTURE_P.shp BUILDING_SUPERSTRUCTURE_P 0 / 4   
16:37:50.091 INFO  ...p/hoot/core/cmd/Ogr2OsmCmd.cpp( 178) Reading: test-files/NFDD_TDSv4/BUILT-UP_AREA_P.shp BUILT-UP_AREA_P
Loading test-files/NFDD_TDSv4/BUILT-UP_AREA_P.shp BUILT-UP_AREA_P 0 / 5   
16:37:50.096 INFO  ...p/hoot/core/cmd/Ogr2OsmCmd.cpp( 178) Reading: test-files/NFDD_TDSv4/BUILT-UP_AREA_S.shp BUILT-UP_AREA_S
Loading test-files/NFDD_TDSv4/BUILT-UP_AREA_S.shp BUILT-UP_AREA_S 0 / 8   
16:37:50.105 INFO  ...p/hoot/core/cmd/Ogr2OsmCmd.cpp( 178) Reading: test-files/NFDD_TDSv4/CART_TRACK_C.shp CART_TRACK_C
Loading test-files/NFDD_TDSv4/CART_TRACK_C.shp CART_TRACK_C 0 / 4   
16:37:50.109 INFO  ...p/hoot/core/cmd/Ogr2OsmCmd.cpp( 178) Reading: test-files/NFDD_TDSv4/CONTROL_TOWER_P.shp CONTROL_TOWER_P
Loading test-files/NFDD_TDSv4/CONTROL_TOWER_P.shp CONTROL_TOWER_P 0 / 5   
16:37:50.115 INFO  ...p/hoot/core/cmd/Ogr2OsmCmd.cpp( 178) Reading: test-files/NFDD_TDSv4/FACILITY_P.shp FACILITY_P
Loading test-files/NFDD_TDSv4/FACILITY_P.shp FACILITY_P 0 / 6   
16:37:50.120 INFO  ...p/hoot/core/cmd/Ogr2OsmCmd.cpp( 178) Reading: test-files/NFDD_TDSv4/FACILITY_S.shp FACILITY_S
Loading test-files/NFDD_TDSv4/FACILITY_S.shp FACILITY_S 0 / 4   
16:37:50.123 INFO  ...p/hoot/core/cmd/Ogr2OsmCmd.cpp( 178) Reading: test-files/NFDD_TDSv4/HUT_P.shp HUT_P
Loading test-files/NFDD_TDSv4/HUT_P.shp HUT_P 0 / 5   
16:37:50.127 INFO  ...p/hoot/core/cmd/Ogr2OsmCmd.cpp( 178) Reading: test-files/NFDD_TDSv4/PYLON_P.shp PYLON_P
Loading test-files/NFDD_TDSv4/PYLON_P.shp PYLON_P 0 / 3   
16:37:50.130 INFO  ...p/hoot/core/cmd/Ogr2OsmCmd.cpp( 178) Reading: test-files/NFDD_TDSv4/RAILWAY_C.shp RAILWAY_C
Loading test-files/NFDD_TDSv4/RAILWAY_C.shp RAILWAY_C 0 / 7   
16:37:50.135 INFO  ...p/hoot/core/cmd/Ogr2OsmCmd.cpp( 178) Reading: test-files/NFDD_TDSv4/RIVER_C.shp RIVER_C
Loading test-files/NFDD_TDSv4/RIVER_C.shp RIVER_C 0 / 16   
16:37:50.145 INFO  ...p/hoot/core/cmd/Ogr2OsmCmd.cpp( 178) Reading: test-files/NFDD_TDSv4/ROAD_C.shp ROAD_C
Loading test-files/NFDD_TDSv4/ROAD_C.shp ROAD_C 0 / 7   
16:37:50.151 INFO  ...p/hoot/core/cmd/Ogr2OsmCmd.cpp( 178) Reading: test-files/NFDD_TDSv4/SHED_P.shp SHED_P
Loading test-files/NFDD_TDSv4/SHED_P.shp SHED_P 0 / 3   
16:37:50.154 INFO  ...p/hoot/core/cmd/Ogr2OsmCmd.cpp( 178) Reading: test-files/NFDD_TDSv4/SHED_S.shp SHED_S
Loading test-files/NFDD_TDSv4/SHED_S.shp SHED_S 0 / 2   
16:37:50.157 INFO  ...p/hoot/core/cmd/Ogr2OsmCmd.cpp( 178) Reading: test-files/NFDD_TDSv4/STADIUM_S.shp STADIUM_S
16:37:50.159 WARN  ...oot-fast/rules/lib/HootLib.js"( 167) "OTH:: Attribute :MCC: is supposed to be 999/Other. It is not set. Skipping it."
Loading test-files/NFDD_TDSv4/STADIUM_S.shp STADIUM_S 0 / 2   
16:37:50.161 INFO  ...p/hoot/core/cmd/Ogr2OsmCmd.cpp( 178) Reading: test-files/NFDD_TDSv4/TOWER_P.shp TOWER_P
Loading test-files/NFDD_TDSv4/TOWER_P.shp TOWER_P 0 / 6   
16:37:50.170 INFO  ...p/hoot/core/cmd/Ogr2OsmCmd.cpp( 178) Reading: test-files/NFDD_TDSv4/TRAIL_C.shp TRAIL_C
Loading test-files/NFDD_TDSv4/TRAIL_C.shp TRAIL_C 0 / 7   
16:37:50.175 INFO  ...p/hoot/core/cmd/Ogr2OsmCmd.cpp( 178) Reading: test-files/NFDD_TDSv4/TRANSPORTATION_STATION_P.shp TRANSPORTATION_STATION_P
Loading test-files/NFDD_TDSv4/TRANSPORTATION_STATION_P.shp TRANSPORTATION_STATION_P 0 / 3   
Reprojecting 0 / 294         
16:37:50.279 INFO  .../cpp/hoot/core/ops/NamedOp.cpp(  56) Applying operation: hoot::MergeNearbyNodes
16:37:50.279 INFO  .../core/ops/MergeNearbyNodes.cpp(  73) MergeNearbyNodes start
MergeNearbyNodes 0 1    MergeNearbyNodes 279 elapsed: 1ms        
16:37:50.280 INFO  .../cpp/hoot/core/ops/NamedOp.cpp(  56) Applying operation: hoot::BuildingPartMergeOp
Ways: 0 / 66        Ways: 66 / 66        
Relations: 0 / 0        
Combining Parts: 0 / 13        Combining Parts: 13 / 13        
Reprojecting 0 / 279         
16:37:51.517 WARN  ...oot-fast/rules/lib/HootLib.js"( 167) "Lookup value not found for column:: (product=bamboo)"
16:37:51.517 WARN  ...oot-fast/rules/lib/HootLib.js"( 167) "Adding to OTH field:: (ZI014_PPO:bamboo)"
16:37:51.518 WARN  ...oot-fast/rules/lib/HootLib.js"( 167) "Lookup value not found for column:: (use=video games)"
16:37:51.518 WARN  ...oot-fast/rules/lib/HootLib.js"( 167) "Adding to OTH field:: (FFN2:video games)"
16:37:51.523 WARN  ...oot-fast/rules/lib/HootLib.js"( 167) "Lookup value not found for column:: (material:vertical=smoke)"
16:37:51.523 WARN  ...oot-fast/rules/lib/HootLib.js"( 167) "Adding to OTH field:: (VCM2:smoke)"
16:37:51.523 WARN  ...oot-fast/rules/lib/HootLib.js"( 167) "Lookup value not found for column:: (material:vertical=mirrors)"
16:37:51.523 WARN  ...oot-fast/rules/lib/HootLib.js"( 167) "Adding to OTH field:: (VCM3:mirrors)"
16:37:51.523 WARN  ...oot-fast/rules/lib/HootLib.js"( 167) "Lookup value not found for column:: (roof:shape=gargoyles)"
16:37:51.524 WARN  ...oot-fast/rules/lib/HootLib.js"( 167) "Adding to OTH field:: (SSR3:gargoyles)"
16:37:51.524 WARN  ...oot-fast/rules/lib/HootLib.js"( 167) "Lookup value not found for column:: (material:vertical=aerogel)"
16:37:51.524 WARN  ...oot-fast/rules/lib/HootLib.js"( 167) "Adding to OTH field:: (VCM:aerogel)"
16:37:51.537 WARN  ...oot-fast/rules/lib/HootLib.js"( 167) "Lookup value not found for column:: (shelter:type=tornado)"
16:37:51.537 WARN  ...oot-fast/rules/lib/HootLib.js"( 167) "Adding to OTH field:: (HST2:tornado)"
16:37:51.592 WARN  ...oot-fast/rules/lib/HootLib.js"( 167) "Lookup value not found for column:: (seasonal=Spring)"
16:37:51.592 WARN  ...oot-fast/rules/lib/HootLib.js"( 167) "Adding to OTH field:: (ZI016_WTC:Spring)"
16:37:51.594 WARN  ...oot-fast/rules/lib/HootLib.js"( 167) "Lookup value not found for column:: (surface=Jello)"
16:37:51.594 WARN  ...oot-fast/rules/lib/HootLib.js"( 167) "Adding to OTH field:: (ZI016_ROC:Jello)"
16:37:51.600 WARN  ...oot-fast/rules/lib/HootLib.js"( 167) "Lookup value not found for column:: (water:sink:type=unknown)"
16:37:51.600 WARN  ...oot-fast/rules/lib/HootLib.js"( 167) "Adding to OTH field:: (WST:unknown)"
16:37:51.601 WARN  ...oot-fast/rules/lib/HootLib.js"( 167) "Lookup value not found for column:: (water:sink:type=unknown)"
16:37:51.601 WARN  ...oot-fast/rules/lib/HootLib.js"( 167) "Adding to OTH field:: (WST:unknown)"
16:37:51.603 WARN  ...oot-fast/rules/lib/HootLib.js"( 167) Received 3 of the same message. Silencing: "Lookup value not found for column:: (water:sink:type=unknown)"
16:37:51.603 WARN  ...oot-fast/rules/lib/HootLib.js"( 167) Received 3 of the same message. Silencing: "Adding to OTH field:: (WST:unknown)"
16:37:51.608 WARN  ...oot-fast/rules/lib/HootLib.js"( 167) "Lookup value not found for column:: (water:sink:type=not_applicable)"
16:37:51.609 WARN  ...oot-fast/rules/lib/HootLib.js"( 167) "Adding to OTH field:: (WST:not_applicable)"
16:37:51.611 WARN  ...oot-fast/rules/lib/HootLib.js"( 167) "Lookup value not found for column:: (water:sink:type=not_applicable)"
16:37:51.612 WARN  ...oot-fast/rules/lib/HootLib.js"( 167) "Adding to OTH field:: (WST:not_applicable)"
16:37:51.613 WARN  ...oot-fast/rules/lib/HootLib.js"( 167) Received 3 of the same message. Silencing: "Lookup value not found for column:: (water:sink:type=not_applicable)"
16:37:51.614 WARN  ...oot-fast/rules/lib/HootLib.js"( 167) Received 3 of the same message. Silencing: "Adding to OTH field:: (WST:not_applicable)"
16:37:51.620 WARN  ...oot-fast/rules/lib/HootLib.js"( 167) "Lookup value not found for column:: (electrified=unknown)"
16:37:51.622 WARN  ...oot-fast/rules/lib/HootLib.js"( 167) "Adding to OTH field:: (ZI017_RRA:unknown)"
16:37:51.625 WARN  ...oot-fast/rules/lib/HootLib.js"( 167) "Lookup value not found for column:: (electrified=contact_line)"
16:37:51.625 WARN  ...oot-fast/rules/lib/HootLib.js"( 167) "Adding to OTH field:: (ZI017_RRA:contact_line)"
16:37:51.660 WARN  ...oot-fast/rules/lib/HootLib.js"( 167) "Lookup value not found for column:: (use=Hobbit Hole)"
16:37:51.661 WARN  ...oot-fast/rules/lib/HootLib.js"( 167) "Adding to OTH field:: (FFN:Hobbit Hole)"
