10:11:41.659 INFO  ...p/hoot/core/cmd/Ogr2OsmCmd.cpp( 176) Reading: test-output/cmd/Ogr2OsmTranslation/OnePointPoints.shp OnePointPoints
Loading test-output/cmd/Ogr2OsmTranslation/OnePointPoints.shp OnePointPoints 0 / 1   
Reprojecting 0 / 1         
10:11:41.664 INFO  .../cpp/hoot/core/ops/NamedOp.cpp(  56) Applying operation: hoot::MergeNearbyNodes
10:11:41.664 INFO  .../core/ops/MergeNearbyNodes.cpp(  73) MergeNearbyNodes start
MergeNearbyNodes 1 elapsed: 0ms        
10:11:41.664 INFO  .../cpp/hoot/core/ops/NamedOp.cpp(  56) Applying operation: hoot::BuildingPartMergeOp
Ways: 0 / 0        
Relations: 0 / 0        
Combining Parts: 0 / 0        
Reprojecting 0 / 1         
10:11:41.994 INFO  ...p/hoot/core/cmd/Ogr2OsmCmd.cpp( 176) Reading: /vsizip/./test-output/AllDataTypesA.zip/ Lines
Loading /vsizip/./test-output/AllDataTypesA.zip/ Lines 0 / 4   
10:11:41.995 INFO  ...p/hoot/core/cmd/Ogr2OsmCmd.cpp( 176) Reading: /vsizip/./test-output/AllDataTypesA.zip/ Points
Loading /vsizip/./test-output/AllDataTypesA.zip/ Points 0 / 11   
10:11:41.997 INFO  ...p/hoot/core/cmd/Ogr2OsmCmd.cpp( 176) Reading: /vsizip/./test-output/AllDataTypesA.zip/ Polygons
Loading /vsizip/./test-output/AllDataTypesA.zip/ Polygons 0 / 10   
Reprojecting 0 / 122         
10:11:42.024 INFO  .../cpp/hoot/core/ops/NamedOp.cpp(  56) Applying operation: hoot::MergeNearbyNodes
10:11:42.024 INFO  .../core/ops/MergeNearbyNodes.cpp(  73) MergeNearbyNodes start
MergeNearbyNodes 0 1    MergeNearbyNodes 116 elapsed: 0ms        
10:11:42.024 INFO  .../cpp/hoot/core/ops/NamedOp.cpp(  56) Applying operation: hoot::BuildingPartMergeOp
Ways: 0 / 14        Ways: 14 / 14        
Relations: 0 / 0        
Combining Parts: 0 / 10        Combining Parts: 10 / 10        
Reprojecting 0 / 116         
Node Count	116
Way Count	14
Relation Count	0
