terminateHandler caught unhandled exception. what(): Error committing transaction: () QPSQL: Could not commit transaction
stack trace:
terminateHandler caught unhandled exception. what(): Error committing transaction: () QPSQL: Could not commit transaction
stack trace:
  hoot::SignalCatcher::terminateHandler() +0x7f
  /usr/lib/x86_64-linux-gnu/libstdc++.so.6 : ()+0x5e6d6
  /usr/lib/x86_64-linux-gnu/libstdc++.so.6 : ()+0x5d799
  /usr/lib/x86_64-linux-gnu/libstdc++.so.6 : __gxx_personality_v0()+0x52a
  /lib/x86_64-linux-gnu/libgcc_s.so.1 : ()+0xfff3
  /lib/x86_64-linux-gnu/libgcc_s.so.1 : _Unwind_Resume()+0x57
  hoot::ServicesDbWriter::~ServicesDbWriter() +0x1c2
  hoot::SignalCatcher::terminateHandler() +0x7f
  hoot::ServicesDbWriter::~ServicesDbWriter() +0x9
  /usr/lib/x86_64-linux-gnu/libstdc++.so.6 : ()+0x5e6d6
  /usr/lib/x86_64-linux-gnu/libstdc++.so.6 : ()+0x5d799
  /usr/lib/x86_64-linux-gnu/libstdc++.so.6 : __gxx_personality_v0()+0x52a
  /lib/x86_64-linux-gnu/libgcc_s.so.1 : ()+0xfff3
  /lib/x86_64-linux-gnu/libgcc_s.so.1 : _Unwind_Resume()+0x57
  hoot::ServicesDbWriter::~ServicesDbWriter() +0x1c2
  hoot::ServicesDbWriter::~ServicesDbWriter() +0x9
  boost::detail::sp_counted_base::release() +0x16
  hoot::OsmMapWriterFactory::write(boost::shared_ptr<hoot::OsmMap const> const&, QString) +0x151
  hoot::BaseCommand::saveMap(boost::shared_ptr<hoot::OsmMap const>, QString) +0x21
  hoot::ConvertCmd::runSimple(QStringList) +0x579
  hoot::BaseCommand::run(char**, int) +0x2c1
  /home/tott/hoot-github/bin/hoot.bin : main()+0x458
  /lib/x86_64-linux-gnu/libc.so.6 : __libc_start_main()+0xf5
  /home/tott/hoot-github/bin/hoot.bin() [0x405584]
  boost::detail::sp_counted_base::release() +0x16
Error: signal 6:
  hoot::OsmMapWriterFactory::write(boost::shared_ptr<hoot::OsmMap const> const&, QString) +0x151
stack trace:
  hoot::BaseCommand::saveMap(boost::shared_ptr<hoot::OsmMap const>, QString) +0x21
  hoot::ConvertCmd::runSimple(QStringList) +0x579
  hoot::BaseCommand::run(char**, int) +0x2c1
  /home/tott/hoot-github/bin/hoot.bin : main()+0x458
  /lib/x86_64-linux-gnu/libc.so.6 : __libc_start_main()+0xf5
  /home/tott/hoot-github/bin/hoot.bin() [0x405584]
Error: signal 6:
stack trace:
  hoot::SignalCatcher::handler(int) +0x2d
  /lib/x86_64-linux-gnu/libc.so.6 : ()+0x36d40
  /lib/x86_64-linux-gnu/libc.so.6 : gsignal()+0x39
  /lib/x86_64-linux-gnu/libc.so.6 : abort()+0x148
  hoot::SignalCatcher::terminateHandler() +0x8c
  /usr/lib/x86_64-linux-gnu/libstdc++.so.6 : ()+0x5e6d6
  /usr/lib/x86_64-linux-gnu/libstdc++.so.6 : ()+0x5d799
  /usr/lib/x86_64-linux-gnu/libstdc++.so.6 : __gxx_personality_v0()+0x52a
  /lib/x86_64-linux-gnu/libgcc_s.so.1 : ()+0xfff3
  /lib/x86_64-linux-gnu/libgcc_s.so.1 : _Unwind_Resume()+0x57
  hoot::ServicesDbWriter::~ServicesDbWriter() +0x1c2
  hoot::ServicesDbWriter::~ServicesDbWriter() +0x9
  boost::detail::sp_counted_base::release() +0x16
  hoot::OsmMapWriterFactory::write(boost::shared_ptr<hoot::OsmMap const> const&, QString) +0x151
  hoot::BaseCommand::saveMap(boost::shared_ptr<hoot::OsmMap const>, QString) +0x21
  hoot::ConvertCmd::runSimple(QStringList) +0x579
  hoot::BaseCommand::run(char**, int) +0x2c1
  /home/tott/hoot-github/bin/hoot.bin : main()+0x458
  /lib/x86_64-linux-gnu/libc.so.6 : __libc_start_main()+0xf5
  /home/tott/hoot-github/bin/hoot.bin() [0x405584]
  hoot::SignalCatcher::handler(int) +0x2d
  /lib/x86_64-linux-gnu/libc.so.6 : ()+0x36d40
  /lib/x86_64-linux-gnu/libc.so.6 : gsignal()+0x39
  /lib/x86_64-linux-gnu/libc.so.6 : abort()+0x148
  hoot::SignalCatcher::terminateHandler() +0x8c
  /usr/lib/x86_64-linux-gnu/libstdc++.so.6 : ()+0x5e6d6
  /usr/lib/x86_64-linux-gnu/libstdc++.so.6 : ()+0x5d799
  /usr/lib/x86_64-linux-gnu/libstdc++.so.6 : __gxx_personality_v0()+0x52a
  /lib/x86_64-linux-gnu/libgcc_s.so.1 : ()+0xfff3
  /lib/x86_64-linux-gnu/libgcc_s.so.1 : _Unwind_Resume()+0x57
  hoot::ServicesDbWriter::~ServicesDbWriter() +0x1c2
  hoot::ServicesDbWriter::~ServicesDbWriter() +0x9
  boost::detail::sp_counted_base::release() +0x16
  hoot::OsmMapWriterFactory::write(boost::shared_ptr<hoot::OsmMap const> const&, QString) +0x151
  hoot::BaseCommand::saveMap(boost::shared_ptr<hoot::OsmMap const>, QString) +0x21
  hoot::ConvertCmd::runSimple(QStringList) +0x579
  hoot::BaseCommand::run(char**, int) +0x2c1
  /home/tott/hoot-github/bin/hoot.bin : main()+0x458
  /lib/x86_64-linux-gnu/libc.so.6 : __libc_start_main()+0xf5
  /home/tott/hoot-github/bin/hoot.bin() [0x405584]
Error running conflate:
Expected 1 map with the name 'AllDataTypesA' but found 0 maps.
