Error running tile-conflate:
PixelBox must be at least 3 pixels wide and tall.
