INFO  .../core/cmd/UnionPolygonsCmd.cpp(  93) Done writing file.
